// Vitest Snapshot v1, https://vitest.dev/guide/snapshot.html

exports[`Profile Component > matches snapshot 1`] = `
<DocumentFragment>
  <p
    class="MuiTypography-root MuiTypography-body1 css-rizt0-MuiTypography-root"
  >
    Loading...
  </p>
</DocumentFragment>
`;
